
--- Testing Category A (Limit 4500) ---
       [MOCK UPDATE] usuarios user1 -> {'BIENIOS': 0, 'CORR_CARR': 'SI'}
       [MOCK UPDATE] contrato c1 -> {'SUELDO_BASE': '0'}
       [MOCK UPDATE] usuarios user1 -> {'PTJE_CARR': 4000, 'NIVEL': 11, 'SALDO_PTJE': 0, 'SUELDO_BASE': '0', 'DETALLE_CALCULO': '{"anios": [], "base_planta": 4000, "valor_bienios": 0, "arrastre": 0, "limite_anual": 150}'}
Final Score in DB: 4000
Saldo in DB: 0
Raw Score: 4000
Expected Saldo: 0
python : Traceback 
(most recent call 
last):
En línea: 1 
Carácter: 1
+ python 
test_score_caps.py > 
test_output.txt 2>&1
+ ~~~~~~~~~~~~~~~~~~~
~~~~~~~~~~~~~~~~~~~~~
~~~~~~~~
    + CategoryInfo   
           : NotSpe  
  cified: (Traceba   
 ck (most recent     
call last)::Stri    
ng) [], RemoteEx    
ception
    + FullyQualified 
   ErrorId : Native  
  CommandError
 
  File "D:\PROYECTOS 
PROGRAMACIËN\ANTIGRAV
ITY_PROJECTS\FUNCIONA
RIOS\test_score_caps.
py", line 97, in 
<module>
    run_test('1-9', 
'A', caps_1, 4500)
  File "D:\PROYECTOS 
PROGRAMACIËN\ANTIGRAV
ITY_PROJECTS\FUNCIONA
RIOS\test_score_caps.
py", line 79, in 
run_test
    print("\u2705 
Test Passed")
  File "C:\Program Fi
les\WindowsApps\Pytho
nSoftwareFoundation.P
ython.3.11_3.11.2544.
0_x64__qbz5n2kfra8p0\
Lib\encodings\cp1252.
py", line 19, in 
encode
    return codecs.cha
rmap_encode(input,sel
f.errors,encoding_tab
le)[0]
           ^^^^^^^^^^
^^^^^^^^^^^^^^^^^^^^^
^^^^^^^^^^^^^^^^^^^^^
^^^
UnicodeEncodeError: 
'charmap' codec 
can't encode 
character '\u2705' 
in position 0: 
character maps to 
<undefined>
